[debug] [2026-08-07T07:51:19.651Z] ----------------------------------------------------------------------
[debug] [2026-08-07T07:51:19.655Z] Command:       c:\Users\Jarin\OneDrive\Documents\Code\Wedding-Planner\node-v20.17.0-win-x64\node.exe C:\Users\Jarin\AppData\Local\npm-cache\_npx\ba4f1959e38407b5\node_modules\firebase-tools\lib\bin\firebase.js deploy --non-interactive
[debug] [2026-08-07T07:51:19.656Z] CLI Version:   15.26.0
[debug] [2026-08-07T07:51:19.656Z] Platform:      win32
[debug] [2026-08-07T07:51:19.656Z] Node Version:  v20.17.0
[debug] [2026-08-07T07:51:19.656Z] Detected Agent: antigravity
[debug] [2026-08-07T07:51:19.656Z] Time:          Fri Aug 07 2026 13:21:19 GMT+0530 (India Standard Time)
[debug] [2026-08-07T07:51:19.656Z] ----------------------------------------------------------------------
[debug] 
[debug] [2026-08-07T07:51:19.674Z] >>> [apiv2][query] GET https://firebase-public.firebaseio.com/cli.json [none]
[debug] [2026-08-07T07:51:23.472Z] > command requires scopes: ["email","openid","https://www.googleapis.com/auth/cloudplatformprojects.readonly","https://www.googleapis.com/auth/firebase","https://www.googleapis.com/auth/cloud-platform"]
[debug] [2026-08-07T07:51:23.473Z] > authorizing via signed-in user (danielsanju262@gmail.com)
[debug] [2026-08-07T07:51:23.473Z] [iam] checking project wedding-plan-16972 for permissions ["datastore.indexes.create","datastore.indexes.delete","datastore.indexes.list","datastore.indexes.update","firebase.projects.get","firebasehosting.sites.update"]
[debug] [2026-08-07T07:51:23.475Z] Checked if tokens are valid: false, expires at: 1786025635723
[debug] [2026-08-07T07:51:23.475Z] Checked if tokens are valid: false, expires at: 1786025635723
[debug] [2026-08-07T07:51:23.475Z] > refreshing access token with scopes: []
[debug] [2026-08-07T07:51:23.478Z] >>> [apiv2][query] POST https://www.googleapis.com/oauth2/v3/token [none]
[debug] [2026-08-07T07:51:23.478Z] >>> [apiv2][body] POST https://www.googleapis.com/oauth2/v3/token [omitted]
[debug] [2026-08-07T07:51:23.971Z] <<< [apiv2][status] POST https://www.googleapis.com/oauth2/v3/token 200
[debug] [2026-08-07T07:51:23.972Z] <<< [apiv2][body] POST https://www.googleapis.com/oauth2/v3/token [omitted]
[debug] [2026-08-07T07:51:23.985Z] >>> [apiv2][query] POST https://cloudresourcemanager.googleapis.com/v1/projects/wedding-plan-16972:testIamPermissions [none]
[debug] [2026-08-07T07:51:23.985Z] >>> [apiv2][(partial)header] POST https://cloudresourcemanager.googleapis.com/v1/projects/wedding-plan-16972:testIamPermissions  x-goog-user-project=wedding-plan-16972
[debug] [2026-08-07T07:51:23.985Z] >>> [apiv2][body] POST https://cloudresourcemanager.googleapis.com/v1/projects/wedding-plan-16972:testIamPermissions {"permissions":["datastore.indexes.create","datastore.indexes.delete","datastore.indexes.list","datastore.indexes.update","firebase.projects.get","firebasehosting.sites.update"]}
[debug] [2026-08-07T07:51:24.441Z] <<< [apiv2][status] GET https://firebase-public.firebaseio.com/cli.json 200
[debug] [2026-08-07T07:51:24.442Z] <<< [apiv2][body] GET https://firebase-public.firebaseio.com/cli.json {"cloudBuildErrorAfter":1594252800000,"cloudBuildWarnAfter":1590019200000,"defaultNode10After":1594252800000,"minVersion":"3.0.5","node8DeploysDisabledAfter":1613390400000,"node8RuntimeDisabledAfter":1615809600000,"node8WarnAfter":1600128000000}
[debug] [2026-08-07T07:51:25.604Z] <<< [apiv2][status] POST https://cloudresourcemanager.googleapis.com/v1/projects/wedding-plan-16972:testIamPermissions 200
[debug] [2026-08-07T07:51:25.604Z] <<< [apiv2][body] POST https://cloudresourcemanager.googleapis.com/v1/projects/wedding-plan-16972:testIamPermissions {"permissions":["datastore.indexes.create","datastore.indexes.delete","datastore.indexes.list","datastore.indexes.update","firebase.projects.get","firebasehosting.sites.update"]}
[debug] [2026-08-07T07:51:25.605Z] Checked if tokens are valid: true, expires at: 1786092682972
[debug] [2026-08-07T07:51:25.605Z] Checked if tokens are valid: true, expires at: 1786092682972
[debug] [2026-08-07T07:51:25.605Z] >>> [apiv2][query] GET https://firebase.googleapis.com/v1beta1/projects/wedding-plan-16972 [none]
[debug] [2026-08-07T07:51:26.444Z] <<< [apiv2][status] GET https://firebase.googleapis.com/v1beta1/projects/wedding-plan-16972 200
[debug] [2026-08-07T07:51:26.445Z] <<< [apiv2][body] GET https://firebase.googleapis.com/v1beta1/projects/wedding-plan-16972 {"projectId":"wedding-plan-16972","projectNumber":"258873353487","displayName":"Wedding Plan","name":"projects/wedding-plan-16972","resources":{"hostingSite":"wedding-plan-16972"},"state":"ACTIVE","labels":{"firebase":"enabled"},"etag":"1_159d10bf-21cf-46b1-ac08-111657d65fea"}
[info] 
[info] === Deploying to 'wedding-plan-16972'...
[info] 
[info] i  deploying firestore, hosting 
[info] i  firestore: ensuring required API firestore.googleapis.com is enabled... 
[info] i  firestore: ensuring required API firestore.googleapis.com is enabled... 
[debug] [2026-08-07T07:51:26.454Z] Checked if tokens are valid: true, expires at: 1786092682972
[debug] [2026-08-07T07:51:26.454Z] Checked if tokens are valid: true, expires at: 1786092682972
[debug] [2026-08-07T07:51:26.455Z] >>> [apiv2][query] GET https://firestore.googleapis.com/v1/projects/wedding-plan-16972/databases/(default) [none]
[debug] [2026-08-07T07:51:28.328Z] <<< [apiv2][status] GET https://firestore.googleapis.com/v1/projects/wedding-plan-16972/databases/(default) 200
[debug] [2026-08-07T07:51:28.329Z] <<< [apiv2][body] GET https://firestore.googleapis.com/v1/projects/wedding-plan-16972/databases/(default) {"name":"projects/wedding-plan-16972/databases/(default)","uid":"96f1976b-0c08-4710-92df-cabb9412176a","createTime":"2026-07-25T09:55:30.536332Z","updateTime":"2026-07-25T09:55:30.536332Z","locationId":"nam5","type":"FIRESTORE_NATIVE","concurrencyMode":"PESSIMISTIC","versionRetentionPeriod":"3600s","earliestVersionTime":"2026-08-07T06:51:26.834459Z","appEngineIntegrationMode":"DISABLED","keyPrefix":"s","pointInTimeRecoveryEnablement":"POINT_IN_TIME_RECOVERY_DISABLED","deleteProtectionState":"DELETE_PROTECTION_DISABLED","databaseEdition":"STANDARD","freeTier":true,"realtimeUpdatesMode":"REALTIME_UPDATES_MODE_ENABLED","etag":"IPKku6yEjpYDMPXd+e/H7ZUD"}
[info] i  firestore: reading indexes from firestore.indexes.json... 
[info] i  cloud.firestore: checking firestore.rules for compilation errors... 
[debug] [2026-08-07T07:51:28.335Z] Checked if tokens are valid: true, expires at: 1786092682972
[debug] [2026-08-07T07:51:28.335Z] Checked if tokens are valid: true, expires at: 1786092682972
[debug] [2026-08-07T07:51:28.335Z] >>> [apiv2][query] POST https://firebaserules.googleapis.com/v1/projects/wedding-plan-16972:test [none]
[debug] [2026-08-07T07:51:28.336Z] >>> [apiv2][body] POST https://firebaserules.googleapis.com/v1/projects/wedding-plan-16972:test [omitted]
[debug] [2026-08-07T07:51:29.219Z] <<< [apiv2][status] POST https://firebaserules.googleapis.com/v1/projects/wedding-plan-16972:test 200
[debug] [2026-08-07T07:51:29.219Z] <<< [apiv2][body] POST https://firebaserules.googleapis.com/v1/projects/wedding-plan-16972:test {}
[info] +  cloud.firestore: rules file firestore.rules compiled successfully 
[debug] [2026-08-07T07:51:29.222Z] Checked if tokens are valid: true, expires at: 1786092682972
[debug] [2026-08-07T07:51:29.222Z] Checked if tokens are valid: true, expires at: 1786092682972
[debug] [2026-08-07T07:51:29.222Z] >>> [apiv2][query] GET https://firebasehosting.googleapis.com/v1beta1/projects/wedding-plan-16972/sites/wedding-plan-16972 [none]
[debug] [2026-08-07T07:51:32.542Z] <<< [apiv2][status] GET https://firebasehosting.googleapis.com/v1beta1/projects/wedding-plan-16972/sites/wedding-plan-16972 200
[debug] [2026-08-07T07:51:32.543Z] <<< [apiv2][body] GET https://firebasehosting.googleapis.com/v1beta1/projects/wedding-plan-16972/sites/wedding-plan-16972 {"name":"projects/wedding-plan-16972/sites/wedding-plan-16972","defaultUrl":"https://wedding-plan-16972.web.app","type":"DEFAULT_SITE"}
[debug] [2026-08-07T07:51:32.547Z] Checked if tokens are valid: true, expires at: 1786092682972
[debug] [2026-08-07T07:51:32.548Z] Checked if tokens are valid: true, expires at: 1786092682972
[debug] [2026-08-07T07:51:32.550Z] >>> [apiv2][query] POST https://firebasehosting.googleapis.com/v1beta1/projects/-/sites/wedding-plan-16972/versions [none]
[debug] [2026-08-07T07:51:32.550Z] >>> [apiv2][body] POST https://firebasehosting.googleapis.com/v1beta1/projects/-/sites/wedding-plan-16972/versions {"status":"CREATED","labels":{"deployment-tool":"cli-firebase"}}
[debug] [2026-08-07T07:51:33.759Z] <<< [apiv2][status] POST https://firebasehosting.googleapis.com/v1beta1/projects/-/sites/wedding-plan-16972/versions 200
[debug] [2026-08-07T07:51:33.759Z] <<< [apiv2][body] POST https://firebasehosting.googleapis.com/v1beta1/projects/-/sites/wedding-plan-16972/versions {"name":"projects/258873353487/sites/wedding-plan-16972/versions/79456181db9ae32c","status":"CREATED","config":{},"labels":{"deployment-tool":"cli-firebase"}}
[debug] [2026-08-07T07:51:33.761Z] Checked if tokens are valid: true, expires at: 1786092682972
[debug] [2026-08-07T07:51:33.761Z] Checked if tokens are valid: true, expires at: 1786092682972
[debug] [2026-08-07T07:51:33.762Z] >>> [apiv2][query] GET https://firebaserules.googleapis.com/v1/projects/wedding-plan-16972/releases pageSize=10&pageToken=
[debug] [2026-08-07T07:51:35.397Z] <<< [apiv2][status] GET https://firebaserules.googleapis.com/v1/projects/wedding-plan-16972/releases 200
[debug] [2026-08-07T07:51:35.398Z] <<< [apiv2][body] GET https://firebaserules.googleapis.com/v1/projects/wedding-plan-16972/releases {"releases":[{"name":"projects/wedding-plan-16972/releases/cloud.firestore","rulesetName":"projects/wedding-plan-16972/rulesets/b652d8bf-9437-461f-84f2-73d1af14d86d","createTime":"2026-07-25T09:56:47.166160Z","updateTime":"2026-08-05T14:42:17.820126Z"}]}
[debug] [2026-08-07T07:51:35.399Z] Checked if tokens are valid: true, expires at: 1786092682972
[debug] [2026-08-07T07:51:35.399Z] Checked if tokens are valid: true, expires at: 1786092682972
[debug] [2026-08-07T07:51:35.400Z] >>> [apiv2][query] GET https://firebaserules.googleapis.com/v1/projects/wedding-plan-16972/rulesets/b652d8bf-9437-461f-84f2-73d1af14d86d [none]
[debug] [2026-08-07T07:51:35.908Z] <<< [apiv2][status] GET https://firebaserules.googleapis.com/v1/projects/wedding-plan-16972/rulesets/b652d8bf-9437-461f-84f2-73d1af14d86d 200
[debug] [2026-08-07T07:51:35.908Z] <<< [apiv2][body] GET https://firebaserules.googleapis.com/v1/projects/wedding-plan-16972/rulesets/b652d8bf-9437-461f-84f2-73d1af14d86d [omitted]
[info] i  firestore: latest version of firestore.rules already up to date, skipping upload... 
[info] i  firestore: deploying indexes... 
[debug] [2026-08-07T07:51:35.912Z] Checked if tokens are valid: true, expires at: 1786092682972
[debug] [2026-08-07T07:51:35.912Z] Checked if tokens are valid: true, expires at: 1786092682972
[debug] [2026-08-07T07:51:35.912Z] >>> [apiv2][query] GET https://firestore.googleapis.com/v1/projects/wedding-plan-16972/databases/(default)/collectionGroups/-/indexes [none]
[debug] [2026-08-07T07:51:37.740Z] <<< [apiv2][status] GET https://firestore.googleapis.com/v1/projects/wedding-plan-16972/databases/(default)/collectionGroups/-/indexes 200
[debug] [2026-08-07T07:51:37.741Z] <<< [apiv2][body] GET https://firestore.googleapis.com/v1/projects/wedding-plan-16972/databases/(default)/collectionGroups/-/indexes {"indexes":[{"name":"projects/wedding-plan-16972/databases/(default)/collectionGroups/requests/indexes/CICAgOjXh4EK","queryScope":"COLLECTION","fields":[{"fieldPath":"timelineId","order":"ASCENDING"},{"fieldPath":"status","order":"ASCENDING"},{"fieldPath":"__name__","order":"ASCENDING"}],"state":"READY","density":"SPARSE_ALL"}]}
[debug] [2026-08-07T07:51:37.742Z] Checked if tokens are valid: true, expires at: 1786092682972
[debug] [2026-08-07T07:51:37.742Z] Checked if tokens are valid: true, expires at: 1786092682972
[debug] [2026-08-07T07:51:37.743Z] >>> [apiv2][query] GET https://firestore.googleapis.com/v1/projects/wedding-plan-16972/databases/(default)/collectionGroups/-/fields?filter=indexConfig.usesAncestorConfig=false OR ttlConfig:* [none]
[debug] [2026-08-07T07:51:38.077Z] <<< [apiv2][status] GET https://firestore.googleapis.com/v1/projects/wedding-plan-16972/databases/(default)/collectionGroups/-/fields?filter=indexConfig.usesAncestorConfig=false OR ttlConfig:* 200
[debug] [2026-08-07T07:51:38.078Z] <<< [apiv2][body] GET https://firestore.googleapis.com/v1/projects/wedding-plan-16972/databases/(default)/collectionGroups/-/fields?filter=indexConfig.usesAncestorConfig=false OR ttlConfig:* {"fields":[{"name":"projects/wedding-plan-16972/databases/(default)/collectionGroups/__default__/fields/*","indexConfig":{"indexes":[{"queryScope":"COLLECTION","fields":[{"fieldPath":"*","order":"ASCENDING"}],"state":"READY"},{"queryScope":"COLLECTION","fields":[{"fieldPath":"*","order":"DESCENDING"}],"state":"READY"},{"queryScope":"COLLECTION","fields":[{"fieldPath":"*","arrayConfig":"CONTAINS"}],"state":"READY"}]}}]}
[debug] [2026-08-07T07:51:38.078Z] Checked if tokens are valid: true, expires at: 1786092682972
[debug] [2026-08-07T07:51:38.078Z] Checked if tokens are valid: true, expires at: 1786092682972
[debug] [2026-08-07T07:51:38.078Z] >>> [apiv2][query] GET https://firestore.googleapis.com/v1/projects/wedding-plan-16972/databases/(default) [none]
[debug] [2026-08-07T07:51:38.360Z] <<< [apiv2][status] GET https://firestore.googleapis.com/v1/projects/wedding-plan-16972/databases/(default) 200
[debug] [2026-08-07T07:51:38.360Z] <<< [apiv2][body] GET https://firestore.googleapis.com/v1/projects/wedding-plan-16972/databases/(default) {"name":"projects/wedding-plan-16972/databases/(default)","uid":"96f1976b-0c08-4710-92df-cabb9412176a","createTime":"2026-07-25T09:55:30.536332Z","updateTime":"2026-07-25T09:55:30.536332Z","locationId":"nam5","type":"FIRESTORE_NATIVE","concurrencyMode":"PESSIMISTIC","versionRetentionPeriod":"3600s","earliestVersionTime":"2026-08-07T06:51:36.867847Z","appEngineIntegrationMode":"DISABLED","keyPrefix":"s","pointInTimeRecoveryEnablement":"POINT_IN_TIME_RECOVERY_DISABLED","deleteProtectionState":"DELETE_PROTECTION_DISABLED","databaseEdition":"STANDARD","freeTier":true,"realtimeUpdatesMode":"REALTIME_UPDATES_MODE_ENABLED","etag":"IPXan7GEjpYDMPXd+e/H7ZUD"}
[debug] [2026-08-07T07:51:38.361Z] Skipping existing index: {"collectionGroup":"requests","queryScope":"COLLECTION","fields":[{"fieldPath":"timelineId","order":"ASCENDING"},{"fieldPath":"status","order":"ASCENDING"},{"fieldPath":"__name__","order":"ASCENDING"}]}
[info] +  firestore: deployed indexes in firestore.indexes.json successfully for (default) database 
[info] i  hosting[wedding-plan-16972]: beginning deploy... 
[info] i  hosting[wedding-plan-16972]: found 29 files in . 
[debug] [2026-08-07T07:51:38.392Z] [hosting] uploading with 200 concurrency
[debug] [2026-08-07T07:51:38.436Z] Checked if tokens are valid: true, expires at: 1786092682972
[debug] [2026-08-07T07:51:38.436Z] Checked if tokens are valid: true, expires at: 1786092682972
[debug] [2026-08-07T07:51:38.439Z] [hosting] hash cache [] stored for 29 files
[debug] [2026-08-07T07:51:38.439Z] [hosting][hash queue][FINAL] {"max":33,"min":6,"avg":14.137931034482758,"active":0,"complete":29,"success":29,"errored":0,"retried":0,"total":29,"elapsed":44}
[debug] [2026-08-07T07:51:38.440Z] >>> [apiv2][query] POST https://firebasehosting.googleapis.com/v1beta1/projects/258873353487/sites/wedding-plan-16972/versions/79456181db9ae32c:populateFiles [none]
[debug] [2026-08-07T07:51:38.440Z] >>> [apiv2][body] POST https://firebasehosting.googleapis.com/v1beta1/projects/258873353487/sites/wedding-plan-16972/versions/79456181db9ae32c:populateFiles {"files":{"/sw.js":"ad0ace2c02ebde5045cabce97392722a67de7b148253a90e06fc32bcda029db7","/manifest.json":"da00b8abe43222a7eef6cec6aa04b3b54898e7eba573c2faca89d87f8333017b","/firestore.indexes.json":"4555ee056bad1aff03955daf7c48a74838d61b306587b83b03eb2acb87f1bc34","/firebase-config.js":"525a30567babce7ee5c91ac3249598e6af220ae715734291fa78eae8fe5ee3cb","/db.js":"a83e43839ddddf5484b78752ae2e1d9c774622a6694379c4667bba0e6c2c3eb9","/auth.js":"37605c3947629afefccc2669266221e3aaef4070096a657d0d61a0cde37357ea","/icons/icon-512.png":"fb93bf1041ca21642b547d78010fe4d165dee4764e8fe9928ae0fd94e0ff8d85","/icons/icon-192.png":"fb93bf1041ca21642b547d78010fe4d165dee4764e8fe9928ae0fd94e0ff8d85","/.git/HEAD":"9191d8db3ee48badb49aa2f44d2e030b6afa030f7805cfb8ec43931772fce6b2","/.git/description":"82406efccfbaa0195ef86e8c8aa8fc71d38fb93a6aa0fbd00d90629d3bbe2342","/.git/config":"44e20442d865bc249e0687b6f5fd97aed17aad9114ba730626f1b8551186cd41","/.git/info/exclude":"994a83b0bd13a31e35114caf18e8b7fcff4253406797d657aa1d9ea64c7b721d","/.git/hooks/update.sample":"a022fa3ca5c3a9dffa3c09dc035866a2c4e6e935a372724aabba8dd6a5639fee","/.git/hooks/sendemail-validate.sample":"5179ae7bdd72e97e2d9cdbfcec1e72434f42f7f5748665239355f08badcbbee7","/.git/hooks/pre-receive.sample":"518430951f2c7182a5fc07191f43236719c64a5244e0ac82131ea92dbe4a2f67","/.git/hooks/pre-rebase.sample":"4c12afd92c797d205ded918d4da7fff21f264e3347ccfe1f718df372100dea0e","/.git/hooks/pre-merge-commit.sample":"08d54483ffa10c472d4b5bf54e637a763a905f6909af1491ad4ca8a19241496c","/.git/hooks/post-update.sample":"4545774e0eba6264d25197fec3cc1520bfd61d16bf6b417b7b1566460ebc28ec","/.git/hooks/pre-push.sample":"661c005b1ebf95bb520578d7421bf511e0d91ecac507fc1818ee60c2e3127f64","/.git/hooks/pre-applypatch.sample":"efd041617b404639750884bd01917d80c6ec9917e3021e448a1386a237184a36","/.git/hooks/fsmonitor-watchman.sample":"7be41ceb43aa45424c8db847f44a7340e790ef8d50a9799d36761a5bae7afae7","/.git/hooks/prepare-commit-msg.sample":"da47e5ee9571edfcb45598d9e1ed424dc30a87011c99c5d205015bbc8cfe16cc","/.git/hooks/pre-commit.sample":"0dc110f82f15687bb7daae0e09828a248ba74bacc4373b6c5e395fa1140853ef","/.git/hooks/push-to-checkout.sample":"b686f0c3faae36d5e3110bd8933f861039094c0a996e5c55c3a776a209ca119b","/.git/hooks/commit-msg.sample":"2e1e33302155d275a43f4b18dadd9d38ae5f64f416ba028e1e6632a3e0f9e620","/index.html":"e15a8215a172e91f140ffd2355421223fa21df82e7fa3024184748bc937bff98","/.git/hooks/applypatch-msg.sample":"e989aeea500fde675ea8ee009c4cf25aae7abbf4dd02c15b04cb8c85404dbca3","/style.css":"9e35f0302433edf0bbefcf02d75d17ecc37f83674a1d8ab1434827397b14afda","/app.js":"9a2c9d8aa240d1c368acfe36506d81950242053e20742661da3db48e6cd59884"}}
[debug] [2026-08-07T07:51:39.925Z] <<< [apiv2][status] POST https://firebasehosting.googleapis.com/v1beta1/projects/258873353487/sites/wedding-plan-16972/versions/79456181db9ae32c:populateFiles 200
[debug] [2026-08-07T07:51:39.925Z] <<< [apiv2][body] POST https://firebasehosting.googleapis.com/v1beta1/projects/258873353487/sites/wedding-plan-16972/versions/79456181db9ae32c:populateFiles {"uploadRequiredHashes":["82406efccfbaa0195ef86e8c8aa8fc71d38fb93a6aa0fbd00d90629d3bbe2342","08d54483ffa10c472d4b5bf54e637a763a905f6909af1491ad4ca8a19241496c","518430951f2c7182a5fc07191f43236719c64a5244e0ac82131ea92dbe4a2f67","661c005b1ebf95bb520578d7421bf511e0d91ecac507fc1818ee60c2e3127f64","7be41ceb43aa45424c8db847f44a7340e790ef8d50a9799d36761a5bae7afae7","44e20442d865bc249e0687b6f5fd97aed17aad9114ba730626f1b8551186cd41","994a83b0bd13a31e35114caf18e8b7fcff4253406797d657aa1d9ea64c7b721d","0dc110f82f15687bb7daae0e09828a248ba74bacc4373b6c5e395fa1140853ef","9191d8db3ee48badb49aa2f44d2e030b6afa030f7805cfb8ec43931772fce6b2","e15a8215a172e91f140ffd2355421223fa21df82e7fa3024184748bc937bff98","9a2c9d8aa240d1c368acfe36506d81950242053e20742661da3db48e6cd59884","4545774e0eba6264d25197fec3cc1520bfd61d16bf6b417b7b1566460ebc28ec","9e35f0302433edf0bbefcf02d75d17ecc37f83674a1d8ab1434827397b14afda","b686f0c3faae36d5e3110bd8933f861039094c0a996e5c55c3a776a209ca119b","4c12afd92c797d205ded918d4da7fff21f264e3347ccfe1f718df372100dea0e","a022fa3ca5c3a9dffa3c09dc035866a2c4e6e935a372724aabba8dd6a5639fee","2e1e33302155d275a43f4b18dadd9d38ae5f64f416ba028e1e6632a3e0f9e620","e989aeea500fde675ea8ee009c4cf25aae7abbf4dd02c15b04cb8c85404dbca3","da47e5ee9571edfcb45598d9e1ed424dc30a87011c99c5d205015bbc8cfe16cc","efd041617b404639750884bd01917d80c6ec9917e3021e448a1386a237184a36","5179ae7bdd72e97e2d9cdbfcec1e72434f42f7f5748665239355f08badcbbee7"],"uploadUrl":"https://upload-firebasehosting.googleapis.com/upload/sites/wedding-plan-16972/versions/79456181db9ae32c/files"}
[debug] [2026-08-07T07:51:39.927Z] Checked if tokens are valid: true, expires at: 1786092682972
[debug] [2026-08-07T07:51:39.927Z] Checked if tokens are valid: true, expires at: 1786092682972
[debug] [2026-08-07T07:51:39.927Z] Checked if tokens are valid: true, expires at: 1786092682972
[debug] [2026-08-07T07:51:39.927Z] Checked if tokens are valid: true, expires at: 1786092682972
[debug] [2026-08-07T07:51:39.927Z] Checked if tokens are valid: true, expires at: 1786092682972
[debug] [2026-08-07T07:51:39.927Z] Checked if tokens are valid: true, expires at: 1786092682972
[debug] [2026-08-07T07:51:39.927Z] Checked if tokens are valid: true, expires at: 1786092682972
[debug] [2026-08-07T07:51:39.927Z] Checked if tokens are valid: true, expires at: 1786092682972
[debug] [2026-08-07T07:51:39.928Z] Checked if tokens are valid: true, expires at: 1786092682972
[debug] [2026-08-07T07:51:39.928Z] Checked if tokens are valid: true, expires at: 1786092682972
[debug] [2026-08-07T07:51:39.928Z] Checked if tokens are valid: true, expires at: 1786092682972
[debug] [2026-08-07T07:51:39.928Z] Checked if tokens are valid: true, expires at: 1786092682972
[debug] [2026-08-07T07:51:39.928Z] Checked if tokens are valid: true, expires at: 1786092682972
[debug] [2026-08-07T07:51:39.928Z] Checked if tokens are valid: true, expires at: 1786092682972
[debug] [2026-08-07T07:51:39.928Z] Checked if tokens are valid: true, expires at: 1786092682972
[debug] [2026-08-07T07:51:39.928Z] Checked if tokens are valid: true, expires at: 1786092682972
[debug] [2026-08-07T07:51:39.928Z] Checked if tokens are valid: true, expires at: 1786092682972
[debug] [2026-08-07T07:51:39.929Z] Checked if tokens are valid: true, expires at: 1786092682972
[debug] [2026-08-07T07:51:39.929Z] Checked if tokens are valid: true, expires at: 1786092682972
[debug] [2026-08-07T07:51:39.929Z] Checked if tokens are valid: true, expires at: 1786092682972
[debug] [2026-08-07T07:51:39.929Z] Checked if tokens are valid: true, expires at: 1786092682972
[debug] [2026-08-07T07:51:39.929Z] Checked if tokens are valid: true, expires at: 1786092682972
[debug] [2026-08-07T07:51:39.929Z] Checked if tokens are valid: true, expires at: 1786092682972
[debug] [2026-08-07T07:51:39.929Z] Checked if tokens are valid: true, expires at: 1786092682972
[debug] [2026-08-07T07:51:39.929Z] Checked if tokens are valid: true, expires at: 1786092682972
[debug] [2026-08-07T07:51:39.929Z] Checked if tokens are valid: true, expires at: 1786092682972
[debug] [2026-08-07T07:51:39.929Z] Checked if tokens are valid: true, expires at: 1786092682972
[debug] [2026-08-07T07:51:39.930Z] Checked if tokens are valid: true, expires at: 1786092682972
[debug] [2026-08-07T07:51:39.930Z] Checked if tokens are valid: true, expires at: 1786092682972
[debug] [2026-08-07T07:51:39.930Z] Checked if tokens are valid: true, expires at: 1786092682972
[debug] [2026-08-07T07:51:39.930Z] Checked if tokens are valid: true, expires at: 1786092682972
[debug] [2026-08-07T07:51:39.931Z] Checked if tokens are valid: true, expires at: 1786092682972
[debug] [2026-08-07T07:51:39.931Z] Checked if tokens are valid: true, expires at: 1786092682972
[debug] [2026-08-07T07:51:39.931Z] Checked if tokens are valid: true, expires at: 1786092682972
[debug] [2026-08-07T07:51:39.932Z] Checked if tokens are valid: true, expires at: 1786092682972
[debug] [2026-08-07T07:51:39.932Z] Checked if tokens are valid: true, expires at: 1786092682972
[debug] [2026-08-07T07:51:39.932Z] Checked if tokens are valid: true, expires at: 1786092682972
[debug] [2026-08-07T07:51:39.932Z] Checked if tokens are valid: true, expires at: 1786092682972
[debug] [2026-08-07T07:51:39.933Z] Checked if tokens are valid: true, expires at: 1786092682972
[debug] [2026-08-07T07:51:39.933Z] Checked if tokens are valid: true, expires at: 1786092682972
[debug] [2026-08-07T07:51:39.933Z] Checked if tokens are valid: true, expires at: 1786092682972
[debug] [2026-08-07T07:51:39.933Z] Checked if tokens are valid: true, expires at: 1786092682972
[debug] [2026-08-07T07:51:39.933Z] >>> [apiv2][query] POST https://upload-firebasehosting.googleapis.com/upload/sites/wedding-plan-16972/versions/79456181db9ae32c/files/82406efccfbaa0195ef86e8c8aa8fc71d38fb93a6aa0fbd00d90629d3bbe2342 [none]
[debug] [2026-08-07T07:51:39.934Z] >>> [apiv2][body] POST https://upload-firebasehosting.googleapis.com/upload/sites/wedding-plan-16972/versions/79456181db9ae32c/files/82406efccfbaa0195ef86e8c8aa8fc71d38fb93a6aa0fbd00d90629d3bbe2342 [stream]
[debug] [2026-08-07T07:51:39.936Z] >>> [apiv2][query] POST https://upload-firebasehosting.googleapis.com/upload/sites/wedding-plan-16972/versions/79456181db9ae32c/files/08d54483ffa10c472d4b5bf54e637a763a905f6909af1491ad4ca8a19241496c [none]
[debug] [2026-08-07T07:51:39.936Z] >>> [apiv2][body] POST https://upload-firebasehosting.googleapis.com/upload/sites/wedding-plan-16972/versions/79456181db9ae32c/files/08d54483ffa10c472d4b5bf54e637a763a905f6909af1491ad4ca8a19241496c [stream]
[debug] [2026-08-07T07:51:39.937Z] >>> [apiv2][query] POST https://upload-firebasehosting.googleapis.com/upload/sites/wedding-plan-16972/versions/79456181db9ae32c/files/518430951f2c7182a5fc07191f43236719c64a5244e0ac82131ea92dbe4a2f67 [none]
[debug] [2026-08-07T07:51:39.937Z] >>> [apiv2][body] POST https://upload-firebasehosting.googleapis.com/upload/sites/wedding-plan-16972/versions/79456181db9ae32c/files/518430951f2c7182a5fc07191f43236719c64a5244e0ac82131ea92dbe4a2f67 [stream]
[debug] [2026-08-07T07:51:39.938Z] >>> [apiv2][query] POST https://upload-firebasehosting.googleapis.com/upload/sites/wedding-plan-16972/versions/79456181db9ae32c/files/661c005b1ebf95bb520578d7421bf511e0d91ecac507fc1818ee60c2e3127f64 [none]
[debug] [2026-08-07T07:51:39.938Z] >>> [apiv2][body] POST https://upload-firebasehosting.googleapis.com/upload/sites/wedding-plan-16972/versions/79456181db9ae32c/files/661c005b1ebf95bb520578d7421bf511e0d91ecac507fc1818ee60c2e3127f64 [stream]
[debug] [2026-08-07T07:51:39.939Z] >>> [apiv2][query] POST https://upload-firebasehosting.googleapis.com/upload/sites/wedding-plan-16972/versions/79456181db9ae32c/files/7be41ceb43aa45424c8db847f44a7340e790ef8d50a9799d36761a5bae7afae7 [none]
[debug] [2026-08-07T07:51:39.939Z] >>> [apiv2][body] POST https://upload-firebasehosting.googleapis.com/upload/sites/wedding-plan-16972/versions/79456181db9ae32c/files/7be41ceb43aa45424c8db847f44a7340e790ef8d50a9799d36761a5bae7afae7 [stream]
[debug] [2026-08-07T07:51:39.940Z] >>> [apiv2][query] POST https://upload-firebasehosting.googleapis.com/upload/sites/wedding-plan-16972/versions/79456181db9ae32c/files/44e20442d865bc249e0687b6f5fd97aed17aad9114ba730626f1b8551186cd41 [none]
[debug] [2026-08-07T07:51:39.940Z] >>> [apiv2][body] POST https://upload-firebasehosting.googleapis.com/upload/sites/wedding-plan-16972/versions/79456181db9ae32c/files/44e20442d865bc249e0687b6f5fd97aed17aad9114ba730626f1b8551186cd41 [stream]
[debug] [2026-08-07T07:51:39.942Z] >>> [apiv2][query] POST https://upload-firebasehosting.googleapis.com/upload/sites/wedding-plan-16972/versions/79456181db9ae32c/files/994a83b0bd13a31e35114caf18e8b7fcff4253406797d657aa1d9ea64c7b721d [none]
[debug] [2026-08-07T07:51:39.943Z] >>> [apiv2][body] POST https://upload-firebasehosting.googleapis.com/upload/sites/wedding-plan-16972/versions/79456181db9ae32c/files/994a83b0bd13a31e35114caf18e8b7fcff4253406797d657aa1d9ea64c7b721d [stream]
[debug] [2026-08-07T07:51:39.943Z] >>> [apiv2][query] POST https://upload-firebasehosting.googleapis.com/upload/sites/wedding-plan-16972/versions/79456181db9ae32c/files/0dc110f82f15687bb7daae0e09828a248ba74bacc4373b6c5e395fa1140853ef [none]
[debug] [2026-08-07T07:51:39.943Z] >>> [apiv2][body] POST https://upload-firebasehosting.googleapis.com/upload/sites/wedding-plan-16972/versions/79456181db9ae32c/files/0dc110f82f15687bb7daae0e09828a248ba74bacc4373b6c5e395fa1140853ef [stream]
[debug] [2026-08-07T07:51:39.944Z] >>> [apiv2][query] POST https://upload-firebasehosting.googleapis.com/upload/sites/wedding-plan-16972/versions/79456181db9ae32c/files/9191d8db3ee48badb49aa2f44d2e030b6afa030f7805cfb8ec43931772fce6b2 [none]
[debug] [2026-08-07T07:51:39.944Z] >>> [apiv2][body] POST https://upload-firebasehosting.googleapis.com/upload/sites/wedding-plan-16972/versions/79456181db9ae32c/files/9191d8db3ee48badb49aa2f44d2e030b6afa030f7805cfb8ec43931772fce6b2 [stream]
[debug] [2026-08-07T07:51:39.945Z] >>> [apiv2][query] POST https://upload-firebasehosting.googleapis.com/upload/sites/wedding-plan-16972/versions/79456181db9ae32c/files/e15a8215a172e91f140ffd2355421223fa21df82e7fa3024184748bc937bff98 [none]
[debug] [2026-08-07T07:51:39.945Z] >>> [apiv2][body] POST https://upload-firebasehosting.googleapis.com/upload/sites/wedding-plan-16972/versions/79456181db9ae32c/files/e15a8215a172e91f140ffd2355421223fa21df82e7fa3024184748bc937bff98 [stream]
[debug] [2026-08-07T07:51:39.945Z] >>> [apiv2][query] POST https://upload-firebasehosting.googleapis.com/upload/sites/wedding-plan-16972/versions/79456181db9ae32c/files/9a2c9d8aa240d1c368acfe36506d81950242053e20742661da3db48e6cd59884 [none]
[debug] [2026-08-07T07:51:39.946Z] >>> [apiv2][body] POST https://upload-firebasehosting.googleapis.com/upload/sites/wedding-plan-16972/versions/79456181db9ae32c/files/9a2c9d8aa240d1c368acfe36506d81950242053e20742661da3db48e6cd59884 [stream]
[debug] [2026-08-07T07:51:39.946Z] >>> [apiv2][query] POST https://upload-firebasehosting.googleapis.com/upload/sites/wedding-plan-16972/versions/79456181db9ae32c/files/4545774e0eba6264d25197fec3cc1520bfd61d16bf6b417b7b1566460ebc28ec [none]
[debug] [2026-08-07T07:51:39.946Z] >>> [apiv2][body] POST https://upload-firebasehosting.googleapis.com/upload/sites/wedding-plan-16972/versions/79456181db9ae32c/files/4545774e0eba6264d25197fec3cc1520bfd61d16bf6b417b7b1566460ebc28ec [stream]
[debug] [2026-08-07T07:51:39.947Z] >>> [apiv2][query] POST https://upload-firebasehosting.googleapis.com/upload/sites/wedding-plan-16972/versions/79456181db9ae32c/files/9e35f0302433edf0bbefcf02d75d17ecc37f83674a1d8ab1434827397b14afda [none]
[debug] [2026-08-07T07:51:39.947Z] >>> [apiv2][body] POST https://upload-firebasehosting.googleapis.com/upload/sites/wedding-plan-16972/versions/79456181db9ae32c/files/9e35f0302433edf0bbefcf02d75d17ecc37f83674a1d8ab1434827397b14afda [stream]
[debug] [2026-08-07T07:51:39.947Z] >>> [apiv2][query] POST https://upload-firebasehosting.googleapis.com/upload/sites/wedding-plan-16972/versions/79456181db9ae32c/files/b686f0c3faae36d5e3110bd8933f861039094c0a996e5c55c3a776a209ca119b [none]
[debug] [2026-08-07T07:51:39.947Z] >>> [apiv2][body] POST https://upload-firebasehosting.googleapis.com/upload/sites/wedding-plan-16972/versions/79456181db9ae32c/files/b686f0c3faae36d5e3110bd8933f861039094c0a996e5c55c3a776a209ca119b [stream]
[debug] [2026-08-07T07:51:39.948Z] >>> [apiv2][query] POST https://upload-firebasehosting.googleapis.com/upload/sites/wedding-plan-16972/versions/79456181db9ae32c/files/4c12afd92c797d205ded918d4da7fff21f264e3347ccfe1f718df372100dea0e [none]
[debug] [2026-08-07T07:51:39.948Z] >>> [apiv2][body] POST https://upload-firebasehosting.googleapis.com/upload/sites/wedding-plan-16972/versions/79456181db9ae32c/files/4c12afd92c797d205ded918d4da7fff21f264e3347ccfe1f718df372100dea0e [stream]
[debug] [2026-08-07T07:51:39.951Z] >>> [apiv2][query] POST https://upload-firebasehosting.googleapis.com/upload/sites/wedding-plan-16972/versions/79456181db9ae32c/files/a022fa3ca5c3a9dffa3c09dc035866a2c4e6e935a372724aabba8dd6a5639fee [none]
[debug] [2026-08-07T07:51:39.951Z] >>> [apiv2][body] POST https://upload-firebasehosting.googleapis.com/upload/sites/wedding-plan-16972/versions/79456181db9ae32c/files/a022fa3ca5c3a9dffa3c09dc035866a2c4e6e935a372724aabba8dd6a5639fee [stream]
[debug] [2026-08-07T07:51:39.952Z] >>> [apiv2][query] POST https://upload-firebasehosting.googleapis.com/upload/sites/wedding-plan-16972/versions/79456181db9ae32c/files/2e1e33302155d275a43f4b18dadd9d38ae5f64f416ba028e1e6632a3e0f9e620 [none]
[debug] [2026-08-07T07:51:39.952Z] >>> [apiv2][body] POST https://upload-firebasehosting.googleapis.com/upload/sites/wedding-plan-16972/versions/79456181db9ae32c/files/2e1e33302155d275a43f4b18dadd9d38ae5f64f416ba028e1e6632a3e0f9e620 [stream]
[debug] [2026-08-07T07:51:39.952Z] >>> [apiv2][query] POST https://upload-firebasehosting.googleapis.com/upload/sites/wedding-plan-16972/versions/79456181db9ae32c/files/e989aeea500fde675ea8ee009c4cf25aae7abbf4dd02c15b04cb8c85404dbca3 [none]
[debug] [2026-08-07T07:51:39.952Z] >>> [apiv2][body] POST https://upload-firebasehosting.googleapis.com/upload/sites/wedding-plan-16972/versions/79456181db9ae32c/files/e989aeea500fde675ea8ee009c4cf25aae7abbf4dd02c15b04cb8c85404dbca3 [stream]
[debug] [2026-08-07T07:51:39.953Z] >>> [apiv2][query] POST https://upload-firebasehosting.googleapis.com/upload/sites/wedding-plan-16972/versions/79456181db9ae32c/files/da47e5ee9571edfcb45598d9e1ed424dc30a87011c99c5d205015bbc8cfe16cc [none]
[debug] [2026-08-07T07:51:39.953Z] >>> [apiv2][body] POST https://upload-firebasehosting.googleapis.com/upload/sites/wedding-plan-16972/versions/79456181db9ae32c/files/da47e5ee9571edfcb45598d9e1ed424dc30a87011c99c5d205015bbc8cfe16cc [stream]
[debug] [2026-08-07T07:51:39.954Z] >>> [apiv2][query] POST https://upload-firebasehosting.googleapis.com/upload/sites/wedding-plan-16972/versions/79456181db9ae32c/files/efd041617b404639750884bd01917d80c6ec9917e3021e448a1386a237184a36 [none]
[debug] [2026-08-07T07:51:39.954Z] >>> [apiv2][body] POST https://upload-firebasehosting.googleapis.com/upload/sites/wedding-plan-16972/versions/79456181db9ae32c/files/efd041617b404639750884bd01917d80c6ec9917e3021e448a1386a237184a36 [stream]
[debug] [2026-08-07T07:51:39.955Z] >>> [apiv2][query] POST https://upload-firebasehosting.googleapis.com/upload/sites/wedding-plan-16972/versions/79456181db9ae32c/files/5179ae7bdd72e97e2d9cdbfcec1e72434f42f7f5748665239355f08badcbbee7 [none]
[debug] [2026-08-07T07:51:39.955Z] >>> [apiv2][body] POST https://upload-firebasehosting.googleapis.com/upload/sites/wedding-plan-16972/versions/79456181db9ae32c/files/5179ae7bdd72e97e2d9cdbfcec1e72434f42f7f5748665239355f08badcbbee7 [stream]
[debug] [2026-08-07T07:51:39.992Z] [hosting][populate queue][FINAL] {"max":1497,"min":1497,"avg":1497,"active":0,"complete":1,"success":1,"errored":0,"retried":0,"total":1,"elapsed":1556}
[debug] [2026-08-07T07:51:39.993Z] [hosting] uploads queued: 21
[info] i  hosting: uploading new files [0/21] (0%) 
[debug] [2026-08-07T07:51:41.628Z] <<< [apiv2][status] POST https://upload-firebasehosting.googleapis.com/upload/sites/wedding-plan-16972/versions/79456181db9ae32c/files/82406efccfbaa0195ef86e8c8aa8fc71d38fb93a6aa0fbd00d90629d3bbe2342 200
[debug] [2026-08-07T07:51:41.628Z] <<< [apiv2][body] POST https://upload-firebasehosting.googleapis.com/upload/sites/wedding-plan-16972/versions/79456181db9ae32c/files/82406efccfbaa0195ef86e8c8aa8fc71d38fb93a6aa0fbd00d90629d3bbe2342 [stream]
[debug] [2026-08-07T07:51:41.656Z] <<< [apiv2][status] POST https://upload-firebasehosting.googleapis.com/upload/sites/wedding-plan-16972/versions/79456181db9ae32c/files/518430951f2c7182a5fc07191f43236719c64a5244e0ac82131ea92dbe4a2f67 200
[debug] [2026-08-07T07:51:41.657Z] <<< [apiv2][body] POST https://upload-firebasehosting.googleapis.com/upload/sites/wedding-plan-16972/versions/79456181db9ae32c/files/518430951f2c7182a5fc07191f43236719c64a5244e0ac82131ea92dbe4a2f67 [stream]
[debug] [2026-08-07T07:51:41.701Z] <<< [apiv2][status] POST https://upload-firebasehosting.googleapis.com/upload/sites/wedding-plan-16972/versions/79456181db9ae32c/files/efd041617b404639750884bd01917d80c6ec9917e3021e448a1386a237184a36 200
[debug] [2026-08-07T07:51:41.701Z] <<< [apiv2][body] POST https://upload-firebasehosting.googleapis.com/upload/sites/wedding-plan-16972/versions/79456181db9ae32c/files/efd041617b404639750884bd01917d80c6ec9917e3021e448a1386a237184a36 [stream]
[debug] [2026-08-07T07:51:41.724Z] <<< [apiv2][status] POST https://upload-firebasehosting.googleapis.com/upload/sites/wedding-plan-16972/versions/79456181db9ae32c/files/2e1e33302155d275a43f4b18dadd9d38ae5f64f416ba028e1e6632a3e0f9e620 200
[debug] [2026-08-07T07:51:41.725Z] <<< [apiv2][body] POST https://upload-firebasehosting.googleapis.com/upload/sites/wedding-plan-16972/versions/79456181db9ae32c/files/2e1e33302155d275a43f4b18dadd9d38ae5f64f416ba028e1e6632a3e0f9e620 [stream]
[debug] [2026-08-07T07:51:41.750Z] <<< [apiv2][status] POST https://upload-firebasehosting.googleapis.com/upload/sites/wedding-plan-16972/versions/79456181db9ae32c/files/e989aeea500fde675ea8ee009c4cf25aae7abbf4dd02c15b04cb8c85404dbca3 200
[debug] [2026-08-07T07:51:41.751Z] <<< [apiv2][body] POST https://upload-firebasehosting.googleapis.com/upload/sites/wedding-plan-16972/versions/79456181db9ae32c/files/e989aeea500fde675ea8ee009c4cf25aae7abbf4dd02c15b04cb8c85404dbca3 [stream]
[debug] [2026-08-07T07:51:41.753Z] <<< [apiv2][status] POST https://upload-firebasehosting.googleapis.com/upload/sites/wedding-plan-16972/versions/79456181db9ae32c/files/b686f0c3faae36d5e3110bd8933f861039094c0a996e5c55c3a776a209ca119b 200
[debug] [2026-08-07T07:51:41.753Z] <<< [apiv2][body] POST https://upload-firebasehosting.googleapis.com/upload/sites/wedding-plan-16972/versions/79456181db9ae32c/files/b686f0c3faae36d5e3110bd8933f861039094c0a996e5c55c3a776a209ca119b [stream]
[debug] [2026-08-07T07:51:41.754Z] <<< [apiv2][status] POST https://upload-firebasehosting.googleapis.com/upload/sites/wedding-plan-16972/versions/79456181db9ae32c/files/4545774e0eba6264d25197fec3cc1520bfd61d16bf6b417b7b1566460ebc28ec 200
[debug] [2026-08-07T07:51:41.754Z] <<< [apiv2][body] POST https://upload-firebasehosting.googleapis.com/upload/sites/wedding-plan-16972/versions/79456181db9ae32c/files/4545774e0eba6264d25197fec3cc1520bfd61d16bf6b417b7b1566460ebc28ec [stream]
[debug] [2026-08-07T07:51:41.760Z] <<< [apiv2][status] POST https://upload-firebasehosting.googleapis.com/upload/sites/wedding-plan-16972/versions/79456181db9ae32c/files/7be41ceb43aa45424c8db847f44a7340e790ef8d50a9799d36761a5bae7afae7 200
[debug] [2026-08-07T07:51:41.760Z] <<< [apiv2][body] POST https://upload-firebasehosting.googleapis.com/upload/sites/wedding-plan-16972/versions/79456181db9ae32c/files/7be41ceb43aa45424c8db847f44a7340e790ef8d50a9799d36761a5bae7afae7 [stream]
[debug] [2026-08-07T07:51:41.799Z] <<< [apiv2][status] POST https://upload-firebasehosting.googleapis.com/upload/sites/wedding-plan-16972/versions/79456181db9ae32c/files/0dc110f82f15687bb7daae0e09828a248ba74bacc4373b6c5e395fa1140853ef 200
[debug] [2026-08-07T07:51:41.800Z] <<< [apiv2][body] POST https://upload-firebasehosting.googleapis.com/upload/sites/wedding-plan-16972/versions/79456181db9ae32c/files/0dc110f82f15687bb7daae0e09828a248ba74bacc4373b6c5e395fa1140853ef [stream]
[debug] [2026-08-07T07:51:41.867Z] <<< [apiv2][status] POST https://upload-firebasehosting.googleapis.com/upload/sites/wedding-plan-16972/versions/79456181db9ae32c/files/9191d8db3ee48badb49aa2f44d2e030b6afa030f7805cfb8ec43931772fce6b2 200
[debug] [2026-08-07T07:51:41.867Z] <<< [apiv2][body] POST https://upload-firebasehosting.googleapis.com/upload/sites/wedding-plan-16972/versions/79456181db9ae32c/files/9191d8db3ee48badb49aa2f44d2e030b6afa030f7805cfb8ec43931772fce6b2 [stream]
[debug] [2026-08-07T07:51:41.870Z] <<< [apiv2][status] POST https://upload-firebasehosting.googleapis.com/upload/sites/wedding-plan-16972/versions/79456181db9ae32c/files/08d54483ffa10c472d4b5bf54e637a763a905f6909af1491ad4ca8a19241496c 200
[debug] [2026-08-07T07:51:41.870Z] <<< [apiv2][body] POST https://upload-firebasehosting.googleapis.com/upload/sites/wedding-plan-16972/versions/79456181db9ae32c/files/08d54483ffa10c472d4b5bf54e637a763a905f6909af1491ad4ca8a19241496c [stream]
[debug] [2026-08-07T07:51:41.870Z] <<< [apiv2][status] POST https://upload-firebasehosting.googleapis.com/upload/sites/wedding-plan-16972/versions/79456181db9ae32c/files/44e20442d865bc249e0687b6f5fd97aed17aad9114ba730626f1b8551186cd41 200
[debug] [2026-08-07T07:51:41.870Z] <<< [apiv2][body] POST https://upload-firebasehosting.googleapis.com/upload/sites/wedding-plan-16972/versions/79456181db9ae32c/files/44e20442d865bc249e0687b6f5fd97aed17aad9114ba730626f1b8551186cd41 [stream]
[debug] [2026-08-07T07:51:41.904Z] <<< [apiv2][status] POST https://upload-firebasehosting.googleapis.com/upload/sites/wedding-plan-16972/versions/79456181db9ae32c/files/da47e5ee9571edfcb45598d9e1ed424dc30a87011c99c5d205015bbc8cfe16cc 200
[debug] [2026-08-07T07:51:41.904Z] <<< [apiv2][body] POST https://upload-firebasehosting.googleapis.com/upload/sites/wedding-plan-16972/versions/79456181db9ae32c/files/da47e5ee9571edfcb45598d9e1ed424dc30a87011c99c5d205015bbc8cfe16cc [stream]
[debug] [2026-08-07T07:51:41.918Z] <<< [apiv2][status] POST https://upload-firebasehosting.googleapis.com/upload/sites/wedding-plan-16972/versions/79456181db9ae32c/files/4c12afd92c797d205ded918d4da7fff21f264e3347ccfe1f718df372100dea0e 200
[debug] [2026-08-07T07:51:41.918Z] <<< [apiv2][body] POST https://upload-firebasehosting.googleapis.com/upload/sites/wedding-plan-16972/versions/79456181db9ae32c/files/4c12afd92c797d205ded918d4da7fff21f264e3347ccfe1f718df372100dea0e [stream]
[debug] [2026-08-07T07:51:41.948Z] <<< [apiv2][status] POST https://upload-firebasehosting.googleapis.com/upload/sites/wedding-plan-16972/versions/79456181db9ae32c/files/994a83b0bd13a31e35114caf18e8b7fcff4253406797d657aa1d9ea64c7b721d 200
[debug] [2026-08-07T07:51:41.949Z] <<< [apiv2][body] POST https://upload-firebasehosting.googleapis.com/upload/sites/wedding-plan-16972/versions/79456181db9ae32c/files/994a83b0bd13a31e35114caf18e8b7fcff4253406797d657aa1d9ea64c7b721d [stream]
[debug] [2026-08-07T07:51:41.950Z] <<< [apiv2][status] POST https://upload-firebasehosting.googleapis.com/upload/sites/wedding-plan-16972/versions/79456181db9ae32c/files/9e35f0302433edf0bbefcf02d75d17ecc37f83674a1d8ab1434827397b14afda 200
[debug] [2026-08-07T07:51:41.951Z] <<< [apiv2][body] POST https://upload-firebasehosting.googleapis.com/upload/sites/wedding-plan-16972/versions/79456181db9ae32c/files/9e35f0302433edf0bbefcf02d75d17ecc37f83674a1d8ab1434827397b14afda [stream]
[debug] [2026-08-07T07:51:41.968Z] <<< [apiv2][status] POST https://upload-firebasehosting.googleapis.com/upload/sites/wedding-plan-16972/versions/79456181db9ae32c/files/e15a8215a172e91f140ffd2355421223fa21df82e7fa3024184748bc937bff98 200
[debug] [2026-08-07T07:51:41.968Z] <<< [apiv2][body] POST https://upload-firebasehosting.googleapis.com/upload/sites/wedding-plan-16972/versions/79456181db9ae32c/files/e15a8215a172e91f140ffd2355421223fa21df82e7fa3024184748bc937bff98 [stream]
[debug] [2026-08-07T07:51:41.979Z] <<< [apiv2][status] POST https://upload-firebasehosting.googleapis.com/upload/sites/wedding-plan-16972/versions/79456181db9ae32c/files/661c005b1ebf95bb520578d7421bf511e0d91ecac507fc1818ee60c2e3127f64 200
[debug] [2026-08-07T07:51:41.979Z] <<< [apiv2][body] POST https://upload-firebasehosting.googleapis.com/upload/sites/wedding-plan-16972/versions/79456181db9ae32c/files/661c005b1ebf95bb520578d7421bf511e0d91ecac507fc1818ee60c2e3127f64 [stream]
[debug] [2026-08-07T07:51:41.995Z] <<< [apiv2][status] POST https://upload-firebasehosting.googleapis.com/upload/sites/wedding-plan-16972/versions/79456181db9ae32c/files/5179ae7bdd72e97e2d9cdbfcec1e72434f42f7f5748665239355f08badcbbee7 200
[debug] [2026-08-07T07:51:41.995Z] <<< [apiv2][body] POST https://upload-firebasehosting.googleapis.com/upload/sites/wedding-plan-16972/versions/79456181db9ae32c/files/5179ae7bdd72e97e2d9cdbfcec1e72434f42f7f5748665239355f08badcbbee7 [stream]
[debug] [2026-08-07T07:51:42.113Z] <<< [apiv2][status] POST https://upload-firebasehosting.googleapis.com/upload/sites/wedding-plan-16972/versions/79456181db9ae32c/files/a022fa3ca5c3a9dffa3c09dc035866a2c4e6e935a372724aabba8dd6a5639fee 200
[debug] [2026-08-07T07:51:42.114Z] <<< [apiv2][body] POST https://upload-firebasehosting.googleapis.com/upload/sites/wedding-plan-16972/versions/79456181db9ae32c/files/a022fa3ca5c3a9dffa3c09dc035866a2c4e6e935a372724aabba8dd6a5639fee [stream]
[debug] [2026-08-07T07:51:42.157Z] <<< [apiv2][status] POST https://upload-firebasehosting.googleapis.com/upload/sites/wedding-plan-16972/versions/79456181db9ae32c/files/9a2c9d8aa240d1c368acfe36506d81950242053e20742661da3db48e6cd59884 200
[debug] [2026-08-07T07:51:42.157Z] <<< [apiv2][body] POST https://upload-firebasehosting.googleapis.com/upload/sites/wedding-plan-16972/versions/79456181db9ae32c/files/9a2c9d8aa240d1c368acfe36506d81950242053e20742661da3db48e6cd59884 [stream]
[debug] [2026-08-07T07:51:42.157Z] [hosting][upload queue][FINAL] {"max":2228,"min":1702,"avg":1931.4761904761904,"active":0,"complete":21,"success":21,"errored":0,"retried":0,"total":21,"elapsed":2231}
[info] i  hosting: upload complete 
[info] +  hosting[wedding-plan-16972]: file upload complete 
[debug] [2026-08-07T07:51:42.158Z] [hosting] deploy completed after 3792ms
[debug] [2026-08-07T07:51:42.159Z] [rules] releasing cloud.firestore with ruleset projects/wedding-plan-16972/rulesets/b652d8bf-9437-461f-84f2-73d1af14d86d
[debug] [2026-08-07T07:51:42.160Z] Checked if tokens are valid: true, expires at: 1786092682972
[debug] [2026-08-07T07:51:42.160Z] Checked if tokens are valid: true, expires at: 1786092682972
[debug] [2026-08-07T07:51:42.160Z] >>> [apiv2][query] PATCH https://firebaserules.googleapis.com/v1/projects/wedding-plan-16972/releases/cloud.firestore [none]
[debug] [2026-08-07T07:51:42.160Z] >>> [apiv2][body] PATCH https://firebaserules.googleapis.com/v1/projects/wedding-plan-16972/releases/cloud.firestore {"release":{"name":"projects/wedding-plan-16972/releases/cloud.firestore","rulesetName":"projects/wedding-plan-16972/rulesets/b652d8bf-9437-461f-84f2-73d1af14d86d"}}
